// Jest Snapshot v1, https://goo.gl/fbAQLP

exports[`Pruebas en <FirstApp/> debe hacer match con el snapshot 1`] = `
<div>
  <h1
    data-testid="test-title"
  >
    Hola soy Matías
  </h1>
  <p>
    No hay subtitulo
  </p>
  <p>
    Matías Iglesias
  </p>
</div>
`;
